PS C:\Users\Youngwoo\Desktop\CsharpProjects\AppIdeas\app-ideas\Projects\Bin2Dec> git add --all
PS C:\Users\Youngwoo\Desktop\CsharpProjects\AppIdeas\app-ideas\Projects\Bin2Dec> git commit -m Init
[master 3a002ce] Init
 34 files changed, 421 insertions(+), 1 deletion(-)
 rename Projects/{1-Beginner => Bin2Dec}/Bin2Dec-App.md (100%)
 create mode 100644 Projects/Bin2Dec/Bin2Dec.csproj
 create mode 100644 Projects/Bin2Dec/Program.cs
 create mode 100644 Projects/Bin2Dec/bin/Debug/net8.0/Bin2Dec.deps.json
 create mode 100644 Projects/Bin2Dec/bin/Debug/net8.0/Bin2Dec.dll
 create mode 100644 Projects/Bin2Dec/bin/Debug/net8.0/Bin2Dec.exe
 create mode 100644 Projects/Bin2Dec/bin/Debug/net8.0/Bin2Dec.pdb
 create mode 100644 Projects/Bin2Dec/bin/Debug/net8.0/Bin2Dec.runtimeconfig.json
 create mode 100644 Projects/Bin2Dec/obj/Bin2Dec.csproj.nuget.dgspec.json
 create mode 100644 Projects/Bin2Dec/obj/Bin2Dec.csproj.nuget.g.props
 create mode 100644 Projects/Bin2Dec/obj/Bin2Dec.csproj.nuget.g.targets
 create mode 100644 Projects/Bin2Dec/obj/Debug/net8.0/.NETCoreApp,Version=v8.0.AssemblyAttributes.cs   
 create mode 100644 Projects/Bin2Dec/obj/Debug/net8.0/Bin2Dec.AssemblyInfo.cs
 create mode 100644 Projects/Bin2Dec/obj/Debug/net8.0/Bin2Dec.AssemblyInfoInputs.cache
 create mode 100644 Projects/Bin2Dec/obj/Debug/net8.0/Bin2Dec.GeneratedMSBuildEditorConfig.editorconfig
 create mode 100644 Projects/Bin2Dec/obj/Debug/net8.0/Bin2Dec.assets.cache
 create mode 100644 Projects/Bin2Dec/obj/Debug/net8.0/Bin2Dec.csproj.CoreCompileInputs.cache
 create mode 100644 Projects/Bin2Dec/obj/Debug/net8.0/Bin2Dec.csproj.FileListAbsolute.txt
 create mode 100644 Projects/Bin2Dec/obj/Debug/net8.0/Bin2Dec.dll
 create mode 100644 Projects/Bin2Dec/obj/Debug/net8.0/Bin2Dec.genruntimeconfig.cache
 create mode 100644 Projects/Bin2Dec/obj/Debug/net8.0/Bin2Dec.pdb
 create mode 100644 Projects/Bin2Dec/obj/Debug/net8.0/Bin2Dec.sourcelink.json
 create mode 100644 Projects/Bin2Dec/obj/Debug/net8.0/apphost.exe
 create mode 100644 Projects/Bin2Dec/obj/Debug/net8.0/ref/Bin2Dec.dll
 create mode 100644 Projects/Bin2Dec/obj/Debug/net8.0/refint/Bin2Dec.dll
PS C:\Users\Youngwoo\Desktop\CsharpProjects\AppIdeas\app-ideas\Projects\Bin2Dec> git log
PS C:\Users\Youngwoo\Desktop\CsharpProjects\AppIdeas\app-ideas\Projects\Bin2Dec> git add --all
PS C:\Users\Youngwoo\Desktop\CsharpProjects\AppIdeas\app-ideas\Projects\Bin2Dec> git commit -m
Enumerating objects: 9, done.
Counting objects: 100% (9/9), done.
Delta compression using up to 4 threads
Compressing objects: 100% (5/5), done.
Writing objects: 100% (5/5), 1010 bytes | 1010.00 KiB/s, done.
Total 5 (delta 3), reused 0 (delta 0), pack-reused 0
remote: Resolving deltas: 100% (3/3), completed with 3 local objects.
To https://github.com/Jinboi/app-ideas.git
   3a002ce..a30a5fc  master -> master
PS C:\Users\Youngwoo\Desktop\CsharpProjects\AppIdeas\app-ideas\Projects\Bin2Dec>
PS C:\Users\Youngwoo\Desktop\CsharpProjects\AppIdeas\app-ideas\Projects\Bin2Dec> cd.. 
PS C:\Users\Youngwoo\Desktop\CsharpProjects\AppIdeas\app-ideas\Projects\Calculator> dotnet new console
Processing post-creation actions...
Restoring C:\Users\Youngwoo\Desktop\CsharpProjects\AppIdeas\app-ideas\Projects\Calculator\Calculator.csproj:     
  Determining projects to restore...
  Restored C:\Users\Youngwoo\Desktop\CsharpProjects\AppIdeas\app-ideas\Projects\Calculator\Calculator.csproj (in 
   101 ms).
Restore succeeded.


PS C:\Users\Youngwoo\Desktop\CsharpProjects\AppIdeas\app-ideas\Projects\Calculator> dotnet run
Hello, World!
PS C:\Users\Youngwoo\Desktop\CsharpProjects\AppIdeas\app-ideas\Projects\Calculator> git add all
fatal: pathspec 'all' did not match any files
PS C:\Users\Youngwoo\Desktop\CsharpProjects\AppIdeas\app-ideas\Projects\Calculator> git add --all
PS C:\Users\Youngwoo\Desktop\CsharpProjects\AppIdeas\app-ideas\Projects\Calculator> git commit -m "First Attemp" 
[master 58dfd24] First Attemp
 28 files changed, 267 insertions(+)
 rename Projects/{1-Beginner => Calculator}/Calculator-App.md (100%)
 create mode 100644 Projects/Calculator/Calculator.csproj
 create mode 100644 Projects/Calculator/Program.cs
 create mode 100644 Projects/Calculator/bin/Debug/net8.0/Calculator.deps.json
 create mode 100644 Projects/Calculator/bin/Debug/net8.0/Calculator.dll
 create mode 100644 Projects/Calculator/bin/Debug/net8.0/Calculator.exe
 create mode 100644 Projects/Calculator/bin/Debug/net8.0/Calculator.pdb
 create mode 100644 Projects/Calculator/bin/Debug/net8.0/Calculator.runtimeconfig.json
 create mode 100644 Projects/Calculator/obj/Calculator.csproj.nuget.dgspec.json
 create mode 100644 Projects/Calculator/obj/Calculator.csproj.nuget.g.props
 create mode 100644 Projects/Calculator/obj/Calculator.csproj.nuget.g.targets
 create mode 100644 Projects/Calculator/obj/Debug/net8.0/.NETCoreApp,Version=v8.0.AssemblyAttributes.cs
 create mode 100644 Projects/Calculator/obj/Debug/net8.0/Calculator.AssemblyInfo.cs
 create mode 100644 Projects/Calculator/obj/Debug/net8.0/Calculator.AssemblyInfoInputs.cache
 create mode 100644 Projects/Calculator/obj/Debug/net8.0/Calculator.GlobalUsings.g.cs
 create mode 100644 Projects/Calculator/obj/Debug/net8.0/Calculator.assets.cache
 create mode 100644 Projects/Calculator/obj/Debug/net8.0/Calculator.csproj.CoreCompileInputs.cache
 create mode 100644 Projects/Calculator/obj/Debug/net8.0/Calculator.csproj.FileListAbsolute.txt
 create mode 100644 Projects/Calculator/obj/Debug/net8.0/Calculator.dll
 create mode 100644 Projects/Calculator/obj/Debug/net8.0/Calculator.genruntimeconfig.cache
 create mode 100644 Projects/Calculator/obj/Debug/net8.0/Calculator.pdb
 create mode 100644 Projects/Calculator/obj/Debug/net8.0/Calculator.sourcelink.json
 create mode 100644 Projects/Calculator/obj/Debug/net8.0/apphost.exe
 create mode 100644 Projects/Calculator/obj/Debug/net8.0/ref/Calculator.dll
 create mode 100644 Projects/Calculator/obj/Debug/net8.0/refint/Calculator.dll
 create mode 100644 Projects/Calculator/obj/project.assets.json
 create mode 100644 Projects/Calculator/obj/project.nuget.cache
PS C:\Users\Youngwoo\Desktop\CsharpProjects\AppIdeas\app-ideas\Projects\Calculator> git push
Enumerating objects: 38, done.
Counting objects: 100% (38/38), done.
Delta compression using up to 4 threads
Compressing objects: 100% (31/31), done.
Writing objects: 100% (35/35), 77.71 KiB | 3.11 MiB/s, done.
Total 35 (delta 4), reused 0 (delta 0), pack-reused 0
remote: Resolving deltas: 100% (4/4), completed with 2 local objects.
To https://github.com/Jinboi/app-ideas.git
   a30a5fc..58dfd24  master -> master
PS C:\Users\Youngwoo\Desktop\CsharpProjects\AppIdeas\app-ideas\Projects\Calculator>














